// Code generated by github.com/byte4cat/enumgo; DO NOT EDIT.

package example

import (
	"fmt"
)

// Fruit Type Enum
// This enum represents different types of fruits.
// Each fruit has a unique value and a label in both English and Traditional Chinese.
// The comment provides additional information about each fruit.
type Fruit int

const (
	// Popular red or green fruit
	Fruit_Apple Fruit = 1
	// Long and yellow fruit
	Fruit_Banana Fruit = 2
	// Small red fruit often used in desserts
	Fruit_Cherry Fruit = 3
	// Small juicy fruit, comes in bunches
	Fruit_Grape Fruit = 4
	// Tropical sweet fruit
	Fruit_Mango Fruit = 5
)

var fruitToString = map[Fruit]string{
	Fruit_Apple:  "Apple",
	Fruit_Banana: "Banana",
	Fruit_Cherry: "Cherry",
	Fruit_Grape:  "Grape",
	Fruit_Mango:  "Mango",
}

var stringToFruit = map[string]Fruit{
	"Apple":  Fruit_Apple,
	"Banana": Fruit_Banana,
	"Cherry": Fruit_Cherry,
	"Grape":  Fruit_Grape,
	"Mango":  Fruit_Mango,
}

func (e Fruit) String() string {
	return fruitToString[e]
}

func (e Fruit) IsValid() bool {
	_, ok := fruitToString[e]
	return ok
}

func ParseFruitString(s string) (Fruit, error) {
	if val, ok := stringToFruit[s]; ok {
		return val, nil
	}
	return 0, fmt.Errorf("invalid Fruit: %s", s)
}

func FruitOptions() []Fruit {
	return []Fruit{
		Fruit_Apple,
		Fruit_Banana,
		Fruit_Cherry,
		Fruit_Grape,
		Fruit_Mango,
	}
}
